2026/08/05 00:49:31 NOTICE: gdrive{wqLmA}: This remote uses rclone's shared Google Drive client_id, which is being retired and will stop working during 2026. Create your own client_id to avoid interruption: https://rclone.org/drive/#making-your-own-client-id
2026/08/05 00:49:32 ERROR : error listing: couldn't list directory: googleapi: Error 404: File not found: ., notFound
2026/08/05 00:49:32 NOTICE: Failed to lsd with 2 errors: last error was: couldn't list directory: googleapi: Error 404: File not found: ., notFound
2026/08/05 00:52:26 NOTICE: gdrive{iWtD9}: This remote uses rclone's shared Google Drive client_id, which is being retired and will stop working during 2026. Create your own client_id to avoid interruption: https://rclone.org/drive/#making-your-own-client-id
2026/08/05 00:52:27 NOTICE: gdrive{iWtD9}: This remote uses rclone's shared Google Drive client_id, which is being retired and will stop working during 2026. Create your own client_id to avoid interruption: https://rclone.org/drive/#making-your-own-client-id
2026/08/05 00:52:28 INFO  : Google drive root 'S6A67340005N': Making directory
2026/08/05 00:52:31 NOTICE: gdrive{kbg6m}: This remote uses rclone's shared Google Drive client_id, which is being retired and will stop working during 2026. Create your own client_id to avoid interruption: https://rclone.org/drive/#making-your-own-client-id
2026/08/05 00:52:43 INFO  : DCC/20260724_104335/dcc_apply_color_cal.zip: Copied (new)
2026/08/05 00:52:47 INFO  : DCC/20260724_104335/dcc_capture.zip: Copied (new)
2026/08/05 00:52:53 INFO  : DCC/20260724_104335/dcc_config.json: Copied (new)
2026/08/05 00:52:57 INFO  : DCC/20260724_104335/dcc_uniformity.zip: Copied (new)
2026/08/05 00:53:00 INFO  : DCC/20260724_104335/dcc_uniformity_validation.zip: Copied (new)
2026/08/05 00:53:02 INFO  :   824.452 MiB / 2.876 GiB, 28%, 28.931 MiB/s, ETA 1m13s (xfr#5/380)
2026/08/05 00:53:02 INFO  : DCC/20260724_104335/dcc_white_point.zip: Copied (new)
2026/08/05 00:53:28 INFO  : DCC/20260724_104335/whitepoint_ok2cal_capture.zip: Copied (new)
2026/08/05 00:53:32 INFO  :     1.038 GiB / 2.877 GiB, 36%, 7.276 MiB/s, ETA 4m18s (xfr#7/380)
2026/08/05 00:53:36 INFO  : DGC/20260724_104335/nominal_workflow_calibration_capture_set.yaml: Copied (new)
2026/08/05 00:53:39 INFO  : DGC/20260724_104335/station_id.yaml: Copied (new)
2026/08/05 00:53:46 INFO  : DGC/20260724_104335/stereo.textproto: Copied (new)
2026/08/05 00:53:51 INFO  : DCC/20260724_104335/autoexposure_debug/ae_right_iter_00_it_66664_max_23386.0.csv: Copied (new)
2026/08/05 00:53:56 INFO  : DCC/20260724_104335/capture/right_irradiance.cal: Copied (new)
2026/08/05 00:53:59 INFO  : DCC/20260724_104335/capture/right_mask_scaling_factor.yaml: Copied (new)
2026/08/05 00:54:02 INFO  :     1.725 GiB / 3.893 GiB, 44%, 25.679 MiB/s, ETA 1m26s (xfr#13/380)
2026/08/05 00:54:32 INFO  :     2.054 GiB / 3.893 GiB, 53%, 8.447 MiB/s, ETA 3m42s (xfr#13/380)
2026/08/05 00:54:35 INFO  : DCC/20260724_104335/high_freq_mura_capture/geometry/dataset.yaml: Copied (new)
2026/08/05 00:54:38 INFO  : DCC/20260724_104335/high_freq_mura_capture/geometry/image_capture_metadata.yaml: Copied (new)
2026/08/05 00:54:51 INFO  : DCC/20260724_104335/apply_color_cal/uniformity/06330533_cal.hdf5: Copied (new)
2026/08/05 00:54:59 INFO  : DCC/20260724_104335/uniformity_validation/capture/image_capture_metadata.yaml: Copied (new)
2026/08/05 00:55:02 INFO  :     2.431 GiB / 4.910 GiB, 50%, 18.290 MiB/s, ETA 2m18s (xfr#17/380)
2026/08/05 00:55:32 INFO  :     3.072 GiB / 4.910 GiB, 63%, 15.435 MiB/s, ETA 2m1s (xfr#17/380)
2026/08/05 00:55:42 INFO  : DCC/20260724_104335/whitepoint_ok2cal/capture/right_irradiance.cal: Copied (new)
2026/08/05 00:56:00 INFO  : DCC/20260724_104335/whitepoint_ok2cal/capture/right_mask_scaling_factor.yaml: Copied (new)
2026/08/05 00:56:02 INFO  :     3.072 GiB / 4.910 GiB, 63%, 2.227 MiB/s, ETA 14m4s (xfr#19/380)
2026/08/05 00:56:32 INFO  :     3.072 GiB / 5.927 GiB, 52%, 329.034 KiB/s, ETA 2h31m35s (xfr#19/380)
2026/08/05 00:56:35 INFO  : DCC/20260724_104335/white_point_calibration/corrected_rgb_primaries/blue.png: Copied (new)
2026/08/05 00:56:38 INFO  : DCC/20260724_104335/white_point_calibration/corrected_rgb_primaries/green.png: Copied (new)
2026/08/05 00:56:41 INFO  : DCC/20260724_104335/white_point_calibration/corrected_rgb_primaries/macbeth20.png: Copied (new)
2026/08/05 00:56:46 INFO  : DCC/20260724_104335/white_point_calibration/corrected_rgb_primaries/macbeth22.png: Copied (new)
2026/08/05 00:56:49 INFO  : DCC/20260724_104335/white_point_calibration/corrected_rgb_primaries/red.png: Copied (new)
2026/08/05 00:56:52 INFO  : DCC/20260724_104335/white_point_calibration/corrected_rgb_primaries/white.png: Copied (new)
2026/08/05 00:57:01 INFO  : DGC/20260724_104335/calibration_captures/left_0_0_0_right_0_0_0/right_grid_blue.png: Copied (new)
2026/08/05 00:57:02 INFO  :     4.022 GiB / 5.927 GiB, 68%, 29.690 MiB/s, ETA 1m5s (xfr#26/380)
2026/08/05 00:57:32 INFO  :     4.175 GiB / 5.927 GiB, 70%, 6.219 MiB/s, ETA 4m48s (xfr#26/380)
2026/08/05 00:58:02 INFO  :     4.175 GiB / 5.927 GiB, 70%, 918.635 KiB/s, ETA 33m19s (xfr#26/380)
2026/08/05 00:58:32 INFO  :     4.175 GiB / 5.927 GiB, 70%, 132.520 KiB/s, ETA 3h51m (xfr#26/380)
2026/08/05 00:59:02 INFO  :     4.175 GiB / 5.927 GiB, 70%, 19.116 KiB/s, ETA 1d2h41m (xfr#26/380)
2026/08/05 00:59:32 INFO  :     4.175 GiB / 5.927 GiB, 70%, 2.757 KiB/s, ETA 1w17h37s (xfr#26/380)
2026/08/05 01:00:02 INFO  :     4.175 GiB / 5.927 GiB, 70%, 407 B/s, ETA 7w4d10h (xfr#26/380)
2026/08/05 01:03:41 NOTICE: gdrive{iWtD9}: This remote uses rclone's shared Google Drive client_id, which is being retired and will stop working during 2026. Create your own client_id to avoid interruption: https://rclone.org/drive/#making-your-own-client-id
2026/08/05 01:03:42 NOTICE: gdrive{iWtD9}: This remote uses rclone's shared Google Drive client_id, which is being retired and will stop working during 2026. Create your own client_id to avoid interruption: https://rclone.org/drive/#making-your-own-client-id
2026/08/05 01:03:43 INFO  : Google drive root 'S6A67340005N': Making directory
2026/08/05 01:03:45 NOTICE: gdrive{hcGEi}: This remote uses rclone's shared Google Drive client_id, which is being retired and will stop working during 2026. Create your own client_id to avoid interruption: https://rclone.org/drive/#making-your-own-client-id
2026/08/05 01:04:16 INFO  :   997.402 MiB / 2.876 GiB, 34%, 34.276 MiB/s, ETA 56s (xfr#0/380)
2026/08/05 01:04:32 INFO  : DCC/20260724_104335/dcc_config.json: Copied (new)
2026/08/05 01:04:32 INFO  : DCC/20260724_104335/dcc_capture.zip: Copied (new)
2026/08/05 01:04:33 INFO  : DCC/20260724_104335/dcc_apply_color_cal.zip: Copied (new)
2026/08/05 01:04:35 INFO  : DCC/20260724_104335/dcc_uniformity_validation.zip: Copied (new)
2026/08/05 01:04:35 INFO  : DCC/20260724_104335/dcc_uniformity.zip: Copied (new)
2026/08/05 01:04:36 INFO  : DCC/20260724_104335/dcc_white_point.zip: Copied (new)
2026/08/05 01:04:40 INFO  : DCC/20260724_104335/autoexposure_debug/ae_right_iter_00_it_66664_max_23386.0.csv: Copied (new)
2026/08/05 01:04:40 INFO  : DCC/20260724_104335/whitepoint_ok2cal_capture.zip: Copied (new)
2026/08/05 01:04:42 INFO  : DGC/20260724_104335/nominal_workflow_calibration_capture_set.yaml: Copied (new)
2026/08/05 01:04:43 INFO  : DGC/20260724_104335/station_id.yaml: Copied (new)
2026/08/05 01:04:43 INFO  : DGC/20260724_104335/stereo.textproto: Copied (new)
2026/08/05 01:04:46 INFO  :     1.224 GiB / 3.892 GiB, 31%, 15.627 MiB/s, ETA 2m54s (xfr#11/380)
2026/08/05 01:04:49 INFO  : DCC/20260724_104335/whitepoint_ok2cal/capture/right_irradiance.cal: Copied (new)
2026/08/05 01:04:53 INFO  : DCC/20260724_104335/whitepoint_ok2cal/capture/right_mask_scaling_factor.yaml: Copied (new)
2026/08/05 01:04:57 INFO  : DGC/20260724_104335/calibration_captures/left_0_0_0_right_0_0_0/right_grid_blue.png: Copied (new)
2026/08/05 01:04:59 INFO  : DGC/20260724_104335/calibration_captures/left_0_0_0_right_0_0_0/right_grid_green.png: Copied (new)
2026/08/05 01:05:01 INFO  : DGC/20260724_104335/calibration_captures/left_0_0_0_right_0_0_0/right_grid_red.png: Copied (new)
2026/08/05 01:05:14 INFO  : DCC/20260724_104335/white_point_calibration/corrected_rgb_primaries/blue.png: Copied (new)
2026/08/05 01:05:16 INFO  :     2.182 GiB / 3.892 GiB, 56%, 23.692 MiB/s, ETA 1m13s (xfr#17/380)
2026/08/05 01:05:28 INFO  : DCC/20260724_104335/white_point_calibration/corrected_rgb_primaries/macbeth20.png: Copied (new)
2026/08/05 01:05:32 INFO  : DCC/20260724_104335/white_point_calibration/corrected_rgb_primaries/red.png: Copied (new)
2026/08/05 01:05:41 INFO  : DCC/20260724_104335/white_point_calibration/corrected_rgb_primaries/macbeth22.png: Copied (new)
2026/08/05 01:05:46 INFO  :     2.182 GiB / 3.892 GiB, 56%, 3.424 MiB/s, ETA 8m31s (xfr#20/380)
2026/08/05 01:05:55 INFO  : DCC/20260724_104335/white_point_calibration/corrected_rgb_primaries/white.png: Copied (new)
2026/08/05 01:05:55 INFO  : DCC/20260724_104335/white_point_calibration/corrected_rgb_primaries/green.png: Copied (new)
2026/08/05 01:06:16 INFO  :     2.828 GiB / 4.909 GiB, 58%, 26.576 MiB/s, ETA 1m20s (xfr#22/380)
2026/08/05 01:06:23 INFO  : DGC/20260724_104335/nominal_workflow_calibration/display_geometry_calibrator.log: Copied (new)
2026/08/05 01:06:27 INFO  : DGC/20260724_104335.zip: Copied (new)
2026/08/05 01:06:29 INFO  : DGC/20260724_104335/nominal_workflow_calibration/display_profile.textproto: Copied (new)
2026/08/05 01:06:33 INFO  : DGC/20260724_104335/nominal_workflow_calibration/calibration_specs.yaml: Copied (new)
2026/08/05 01:06:34 INFO  : DCC/20260724_104335/white_point_calibration/post_cal_capture/right_irradiance.cal: Copied (new)
2026/08/05 01:06:34 INFO  : DCC/20260724_104335/white_point_calibration/correction/right/color_correction.textproto: Copied (new)
2026/08/05 01:06:34 INFO  : DCC/20260724_104335/white_point_calibration/post_cal_capture/right_mask_scaling_factor.yaml: Copied (new)
2026/08/05 01:06:41 INFO  : DGC/20260724_104335/feature_detection/nominal_workflow_calibration/device_feature_set.textproto: Copied (new)
2026/08/05 01:06:41 INFO  : DCC/20260724_104335/white_point_calibration/correction/right/corrected_color.csv: Copied (new)
2026/08/05 01:06:44 INFO  : DGC/20260724_104335/feature_detection/nominal_workflow_calibration/feature_detection.log: Copied (new)
2026/08/05 01:06:46 INFO  :     3.327 GiB / 4.909 GiB, 68%, 16.805 MiB/s, ETA 1m36s (xfr#32/380)
2026/08/05 01:06:48 INFO  : DGC/20260724_104335/calibration_captures/left_2_0_0_right_-2_0_0/right_grid_blue.png: Copied (new)
2026/08/05 01:06:48 INFO  : DGC/20260724_104335/calibration_captures/left_2_0_0_right_-2_0_0/right_grid_green.png: Copied (new)
2026/08/05 01:06:49 INFO  : DGC/20260724_104335/calibration_captures/left_2_0_0_right_-2_0_0/right_grid_red.png: Copied (new)
2026/08/05 01:07:16 INFO  :     3.327 GiB / 4.909 GiB, 68%, 2.424 MiB/s, ETA 11m8s (xfr#35/380)
2026/08/05 01:07:28 INFO  : DCC/20260724_104335/apply_color_cal/uniformity/06330533_cal.hdf5: Copied (new)
2026/08/05 01:07:34 INFO  : DCC/20260724_104335/high_freq_mura_capture/geometry/dataset.yaml: Copied (new)
2026/08/05 01:07:38 INFO  : DGC/20260724_104335/verification_assets/nominal_workflow_calibration/virtual_image_position.yaml: Copied (new)
2026/08/05 01:07:42 INFO  : DCC/20260724_104335/high_freq_mura_capture/geometry/image_capture_metadata.yaml: Copied (new)
2026/08/05 01:07:42 INFO  : DCC/20260724_104335/high_freq_mura_calibration/uniformity/right_correction_map.png: Copied (new)
2026/08/05 01:07:44 INFO  : DCC/20260724_104335/high_freq_mura_calibration/uniformity/right_correction_map.tiff: Copied (new)
2026/08/05 01:07:46 INFO  :     3.341 GiB / 4.909 GiB, 68%, 1.022 MiB/s, ETA 26m10s (xfr#41/380)
2026/08/05 01:07:46 INFO  : DCC/20260724_104335/capture/right_irradiance.cal: Copied (new)
2026/08/05 01:07:48 INFO  : DCC/20260724_104335/whitepoint_ok2cal/capture/device_metadata/blue.yaml: Copied (new)
2026/08/05 01:07:49 INFO  : DCC/20260724_104335/whitepoint_ok2cal/capture/device_metadata/green.yaml: Copied (new)
2026/08/05 01:07:49 INFO  : DCC/20260724_104335/capture/right_mask_scaling_factor.yaml: Copied (new)
2026/08/05 01:07:51 INFO  : DCC/20260724_104335/whitepoint_ok2cal/capture/device_metadata/red.yaml: Copied (new)
2026/08/05 01:07:53 INFO  : DCC/20260724_104335/whitepoint_ok2cal/capture/device_metadata/white.yaml: Copied (new)
